// Jest Snapshot v1, https://goo.gl/fbAQLP

exports[`Advertisment Should advertise match snapshoot 1`] = `ShallowWrapper {}`;
