// Jest Snapshot v1, https://goo.gl/fbAQLP

exports[`Signout Should signout match snapshoot 1`] = `ShallowWrapper {}`;
