// Jest Snapshot v1, https://goo.gl/fbAQLP

exports[`Signin Snapshoot 1`] = `ShallowWrapper {}`;
